S D
M U
A D
M U
M U
M U
M U
S R
M L
M L
M L
S D
S R
S L
S U
M R
M R
