749 918 1921 2250 4861 5390 5822 6428 6836 7796 7934 8294 10109 10223 11373
