e 66 0 0 0 0 12 0 0 0 0 9 13
e 36 12 0 0 0 0 0 0 0 11 0 41
d 0 20 0 56 0 0 0 0 5 0 19 0
a 0 8 12 79 1 0 0 0 0 0 0 0
f 0 0 0 0 0 0 41 0 0 10 37 12
c 0 0 0 31 0 0 0 53 15 0 1 0
b 0 0 0 0 23 0 65 1 0 0 0 11
f 34 0 8 0 0 0 0 0 0 14 0 44
e 21 0 0 0 10 57 0 0 0 12 0 0
f 0 41 18 0 0 22 0 0 0 0 19 0
a 6 0 0 46 0 0 16 0 0 0 32 0
b 12 0 0 21 24 43 0 0 0 0 0 0
