149045 284335 65311 255373 225725 220523 253207 -1 182483
