105282054
105282054
905798931
599798602
995656103
891549225
1652393438
1652393438
