D
R
1
R
R
1
U
1
L
1
L
1
L
R
R
R
R
R
R
R
R
1
D
1
L
1
L
1
L
1
L
1
2
L
2
U
2
L
2
L
L
R
R
1
R
1
D
1
L
1
L
L
1
U
