3.000000000000000000
1.750000000000000000
-1
125.000000000000000000
1.500000000000000000
