10
1 11 21
1 11 22
1 11 23
1 12 22
1 12 23
1 13 23
2 12 22
2 12 23
2 13 23
3 13 23
