8
aawgebrw
aargebrw
aarbebrw
aarbebnw
aarbebnq
aarbeenq
aarbrenq
oarbrenq
