49218750 419111280 321937732 107111441 372416570 351559278 312484809 334285827 317777667 211471846 58741385 422156135 323887465 54923551 121645733 94354149 346849276 72744827 385773306 163421544 351691775 59915863 430096957 166653801 346330874 185052506 245426328 47501118 7422030 899640 79380 4536 126 0 0 0 0
