309810541 226923474 392073062 146769908 221445233 435648037 862664208 238437587
