287946
296269
224599
101453
336997
390315
323363
177075
11431
8580
