65.4285714285714285685
6.0000000000000000000 3.0000000000000000000 3.0000000000000000000 7.0000000000000000000 9.0000000000000000000
1.0000000000000000000 1.0000000000000000000 5.0000000000000000000 5.0000000000000000000 7.0000000000000000000
7.0000000000000000000 7.0000000000000000000 5.0000000000000000000 5.0000000000000000000 5.0000000000000000000
4.0000000000000000000 4.0000000000000000000 5.0000000000000000000 5.0000000000000000000 5.0238095238095238086
3.0000000000000000000 5.0238095238095238086 5.0000000000000000000 5.0952380952380952371 0.0000000000000000000
