20.5714285714285714281
1.0000000000000000000 1.0000000000000000000 1.0000000000000000000 1.0000000000000000000 1.0000000000000000000
1.0000000000000000000 2.7142857142857142857 2.7142857142857142857 2.7142857142857142857 1.0000000000000000000
1.0000000000000000000 2.7142857142857142857 2.7142857142857142857 2.7142857142857142857 1.0000000000000000000
1.0000000000000000000 2.7142857142857142857 2.7142857142857142857 2.7142857142857142857 1.0000000000000000000
1.0000000000000000000 1.0000000000000000000 1.0000000000000000000 1.0000000000000000000 1.0000000000000000000
