71.4000000000000000014
4.0000000000000000000 8.0000000000000000000 7.0000000000000000000 5.0000000000000000000 4.0000000000000000000
2.2285714285714285714 6.0000000000000000000 7.0000000000000000000 4.0000000000000000000 5.0000000000000000000
3.0000000000000000000 7.0000000000000000000 1.7428571428571428571 4.0000000000000000000 5.0000000000000000000
4.0000000000000000000 7.0000000000000000000 1.7428571428571428571 5.0000000000000000000 6.0000000000000000000
2.0000000000000000000 1.4857142857142857144 2.0000000000000000000 4.0000000000000000000 6.0000000000000000000
