200401298 182231955 -106709603 69445364 278499365
