297734288
442981554
937492320
798158491
518366411
