ABCDE
BCDE
ACDE
ABDE
ABCE
ABCD
CDE
BDE
ADE
BCE
ACE
BCD
ABE
ACD
ABD
ABC
DE
CE
BE
CD
AE
BD
AD
BC
AC
AB
E
D
C
B
A
