ABCDE
BCDE
ACDE
CDE
ABDE
BDE
ADE
DE
ABCE
BCE
ACE
CE
ABE
BE
AE
E
ABCD
BCD
ACD
CD
ABD
BD
AD
D
ABC
BC
AC
C
AB
B
A
