ABCDE
ACDE
BCDE
ABCE
ABDE
ABCD
CDE
ACE
ADE
BCE
BDE
ABE
ACD
BCD
ABC
ABD
CE
DE
AE
BE
CD
AC
AD
BC
BD
AB
E
C
D
A
B
