L L L R U R S D L S
R L L L D D L R D D
D S R D D S U D U R
L U S R D L S U L R
L U U L L U D U D L
L S U U S D L D U U
D D D D U D S D U S
U S U D S U L S D L
D R R R L L L S L S
L R S U S R D D R L
6
1
0
2
3
3
0
0
2
0
7
7
0
7
4
7
8
2
2
0
