16430766442004320
155640513381884866
149721462357295680
