18 23 16 24 21 10 2 27 19 7 12 8 13 5 15 26 17 4 3 9 1 22 25 14 28 11 29 6 20
